Flow report for SimTest
Tue May  5 08:05:37 2015
Quartus II 32-bit Version 13.1.0 Build 162 10/23/2013 SJ Web Edition


---------------------
; Table of Contents ;
---------------------
  1. Legal Notice
  2. Flow Summary
  3. Flow Settings
  4. Flow Non-Default Global Settings
  5. Flow Elapsed Time
  6. Flow OS Summary
  7. Flow Log
  8. Flow Messages
  9. Flow Suppressed Messages



----------------
; Legal Notice ;
----------------
Copyright (C) 1991-2013 Altera Corporation
Your use of Altera Corporation's design tools, logic functions 
and other software and tools, and its AMPP partner logic 
functions, and any output files from any of the foregoing 
(including device programming or simulation files), and any 
associated documentation or information are expressly subject 
to the terms and conditions of the Altera Program License 
Subscription Agreement, Altera MegaCore Function License 
Agreement, or other applicable license agreement, including, 
without limitation, that your use is for the sole purpose of 
programming logic devices manufactured by Altera and sold by 
Altera or its authorized distributors.  Please refer to the 
applicable agreement for further details.



+---------------------------------------------------------------------------------+
; Flow Summary                                                                    ;
+------------------------------------+--------------------------------------------+
; Flow Status                        ; Successful - Tue May  5 08:05:37 2015      ;
; Quartus II 32-bit Version          ; 13.1.0 Build 162 10/23/2013 SJ Web Edition ;
; Revision Name                      ; SimTest                                    ;
; Top-level Entity Name              ; FeedForwardNN                              ;
; Family                             ; Cyclone IV E                               ;
; Device                             ; EP4CE22F17C6                               ;
; Timing Models                      ; Final                                      ;
; Total logic elements               ; 9                                          ;
;     Total combinational functions  ; 9                                          ;
;     Dedicated logic registers      ; 8                                          ;
; Total registers                    ; 8                                          ;
; Total pins                         ; 8                                          ;
; Total virtual pins                 ; 0                                          ;
; Total memory bits                  ; 0                                          ;
; Embedded Multiplier 9-bit elements ; 0                                          ;
; Total PLLs                         ; 0                                          ;
+------------------------------------+--------------------------------------------+


+-----------------------------------------+
; Flow Settings                           ;
+-------------------+---------------------+
; Option            ; Setting             ;
+-------------------+---------------------+
; Start date & time ; 05/05/2015 08:05:29 ;
; Main task         ; Compilation         ;
; Revision Name     ; SimTest             ;
+-------------------+---------------------+


+-------------------------------------------------------------------------------------------------------------------------------+
; Flow Non-Default Global Settings                                                                                              ;
+--------------------------------------+---------------------------------------+---------------+---------------+----------------+
; Assignment Name                      ; Value                                 ; Default Value ; Entity Name   ; Section Id     ;
+--------------------------------------+---------------------------------------+---------------+---------------+----------------+
; ALLOW_ANY_RAM_SIZE_FOR_RECOGNITION   ; On                                    ; Off           ; --            ; --             ;
; COMPILER_SIGNATURE_ID                ; 150281392306698.143080232810053       ; --            ; --            ; --             ;
; EDA_DESIGN_INSTANCE_NAME             ; NA                                    ; --            ; --            ; FeedForwardNN  ;
; EDA_NATIVELINK_SIMULATION_TEST_BENCH ; FeedForwardNN                         ; --            ; --            ; eda_simulation ;
; EDA_OUTPUT_DATA_FORMAT               ; Verilog Hdl                           ; --            ; --            ; eda_simulation ;
; EDA_SIMULATION_TOOL                  ; ModelSim-Altera (Verilog)             ; <None>        ; --            ; --             ;
; EDA_TEST_BENCH_ENABLE_STATUS         ; TEST_BENCH_MODE                       ; --            ; --            ; eda_simulation ;
; EDA_TEST_BENCH_FILE                  ; FeedForwardNN_tb.v                    ; --            ; --            ; FeedForwardNN  ;
; EDA_TEST_BENCH_MODULE_NAME           ; FeedForwardNN                         ; --            ; --            ; FeedForwardNN  ;
; EDA_TEST_BENCH_NAME                  ; FeedForwardNN                         ; --            ; --            ; eda_simulation ;
; EDA_TIME_SCALE                       ; 1 ps                                  ; --            ; --            ; eda_simulation ;
; MAX_CORE_JUNCTION_TEMP               ; 85                                    ; --            ; --            ; --             ;
; MIN_CORE_JUNCTION_TEMP               ; 0                                     ; --            ; --            ; --             ;
; NOMINAL_CORE_SUPPLY_VOLTAGE          ; 1.2V                                  ; --            ; --            ; --             ;
; PARTITION_COLOR                      ; 16764057                              ; --            ; FeedForwardNN ; Top            ;
; PARTITION_FITTER_PRESERVATION_LEVEL  ; PLACEMENT_AND_ROUTING                 ; --            ; FeedForwardNN ; Top            ;
; PARTITION_NETLIST_TYPE               ; SOURCE                                ; --            ; FeedForwardNN ; Top            ;
; POWER_BOARD_THERMAL_MODEL            ; None (CONSERVATIVE)                   ; --            ; --            ; --             ;
; POWER_PRESET_COOLING_SOLUTION        ; 23 MM HEAT SINK WITH 200 LFPM AIRFLOW ; --            ; --            ; --             ;
; PROJECT_OUTPUT_DIRECTORY             ; output_files                          ; --            ; --            ; --             ;
; TOP_LEVEL_ENTITY                     ; FeedForwardNN                         ; SimTest       ; --            ; --             ;
+--------------------------------------+---------------------------------------+---------------+---------------+----------------+


+--------------------------------------------------------------------------------------------------------------------------+
; Flow Elapsed Time                                                                                                        ;
+----------------------+--------------+-------------------------+---------------------+------------------------------------+
; Module Name          ; Elapsed Time ; Average Processors Used ; Peak Virtual Memory ; Total CPU Time (on all processors) ;
+----------------------+--------------+-------------------------+---------------------+------------------------------------+
; Analysis & Synthesis ; 00:00:11     ; 1.0                     ; 364 MB              ; 00:00:10                           ;
; Total                ; 00:00:11     ; --                      ; --                  ; 00:00:10                           ;
+----------------------+--------------+-------------------------+---------------------+------------------------------------+


+----------------------------------------------------------------------------------------+
; Flow OS Summary                                                                        ;
+----------------------+------------------+----------------+------------+----------------+
; Module Name          ; Machine Hostname ; OS Name        ; OS Version ; Processor type ;
+----------------------+------------------+----------------+------------+----------------+
; Analysis & Synthesis ; mypc-AOD260      ; Ubuntu 12.04.2 ; 12         ; i686           ;
+----------------------+------------------+----------------+------------+----------------+


------------
; Flow Log ;
------------
quartus_map --read_settings_files=on --write_settings_files=off FeedForwardNN -c SimTest



